// Jest Snapshot v1, https://goo.gl/fbAQLP

exports[`hello 1`] = `
<div>
  button2
</div>
`;
